Archive member included to satisfy reference by file (symbol)

/opt/Atollic_TrueSTUDIO_for_STM32_x86_64_9.3.0/ARMTools/bin/../lib/gcc/arm-atollic-eabi/6.3.1/../../../../arm-atollic-eabi/lib/armv7e-m/fpu/libc_nano.a(lib_a-errno.o)
                              Src/syscalls.o (__errno)
/opt/Atollic_TrueSTUDIO_for_STM32_x86_64_9.3.0/ARMTools/bin/../lib/gcc/arm-atollic-eabi/6.3.1/../../../../arm-atollic-eabi/lib/armv7e-m/fpu/libc_nano.a(lib_a-impure.o)
                              /opt/Atollic_TrueSTUDIO_for_STM32_x86_64_9.3.0/ARMTools/bin/../lib/gcc/arm-atollic-eabi/6.3.1/../../../../arm-atollic-eabi/lib/armv7e-m/fpu/libc_nano.a(lib_a-errno.o) (_impure_ptr)
/opt/Atollic_TrueSTUDIO_for_STM32_x86_64_9.3.0/ARMTools/bin/../lib/gcc/arm-atollic-eabi/6.3.1/../../../../arm-atollic-eabi/lib/armv7e-m/fpu/libc_nano.a(lib_a-init.o)
                              startup/startup_stm32f469xx.o (__libc_init_array)
/opt/Atollic_TrueSTUDIO_for_STM32_x86_64_9.3.0/ARMTools/bin/../lib/gcc/arm-atollic-eabi/6.3.1/../../../../arm-atollic-eabi/lib/armv7e-m/fpu/libc_nano.a(lib_a-memset.o)
                              Src/gpio.o (memset)
/opt/Atollic_TrueSTUDIO_for_STM32_x86_64_9.3.0/ARMTools/bin/../lib/gcc/arm-atollic-eabi/6.3.1/armv7e-m/fpu/libgcc.a(_aeabi_uldivmod.o)
                              Drivers/STM32F4xx_HAL_Driver/Src/stm32f4xx_hal_rcc.o (__aeabi_uldivmod)
/opt/Atollic_TrueSTUDIO_for_STM32_x86_64_9.3.0/ARMTools/bin/../lib/gcc/arm-atollic-eabi/6.3.1/armv7e-m/fpu/libgcc.a(_udivmoddi4.o)
                              /opt/Atollic_TrueSTUDIO_for_STM32_x86_64_9.3.0/ARMTools/bin/../lib/gcc/arm-atollic-eabi/6.3.1/armv7e-m/fpu/libgcc.a(_aeabi_uldivmod.o) (__udivmoddi4)
/opt/Atollic_TrueSTUDIO_for_STM32_x86_64_9.3.0/ARMTools/bin/../lib/gcc/arm-atollic-eabi/6.3.1/armv7e-m/fpu/libgcc.a(_dvmd_tls.o)
                              /opt/Atollic_TrueSTUDIO_for_STM32_x86_64_9.3.0/ARMTools/bin/../lib/gcc/arm-atollic-eabi/6.3.1/armv7e-m/fpu/libgcc.a(_aeabi_uldivmod.o) (__aeabi_ldiv0)

Allocating common symbols
Common symbol       size              file

retSD               0x1               Src/fatfs.o
uwTick              0x4               Drivers/STM32F4xx_HAL_Driver/Src/stm32f4xx_hal.o
pFlash              0x20              Drivers/STM32F4xx_HAL_Driver/Src/stm32f4xx_hal_flash.o
SDPath              0x4               Src/fatfs.o
hsd                 0x84              Src/sdio.o
SDFile              0x230             Src/fatfs.o
SDFatFS             0x230             Src/fatfs.o

Discarded input sections

 .text          0x0000000000000000        0x0 /opt/Atollic_TrueSTUDIO_for_STM32_x86_64_9.3.0/ARMTools/bin/../lib/gcc/arm-atollic-eabi/6.3.1/armv7e-m/fpu/crti.o
 .data          0x0000000000000000        0x0 /opt/Atollic_TrueSTUDIO_for_STM32_x86_64_9.3.0/ARMTools/bin/../lib/gcc/arm-atollic-eabi/6.3.1/armv7e-m/fpu/crti.o
 .bss           0x0000000000000000        0x0 /opt/Atollic_TrueSTUDIO_for_STM32_x86_64_9.3.0/ARMTools/bin/../lib/gcc/arm-atollic-eabi/6.3.1/armv7e-m/fpu/crti.o
 .data          0x0000000000000000        0x4 /opt/Atollic_TrueSTUDIO_for_STM32_x86_64_9.3.0/ARMTools/bin/../lib/gcc/arm-atollic-eabi/6.3.1/armv7e-m/fpu/crtbegin.o
 .text          0x0000000000000000        0x0 Drivers/STM32F4xx_HAL_Driver/Src/stm32f4xx_hal.o
 .data          0x0000000000000000        0x0 Drivers/STM32F4xx_HAL_Driver/Src/stm32f4xx_hal.o
 .bss           0x0000000000000000        0x0 Drivers/STM32F4xx_HAL_Driver/Src/stm32f4xx_hal.o
 .text.HAL_MspInit
                0x0000000000000000        0x2 Drivers/STM32F4xx_HAL_Driver/Src/stm32f4xx_hal.o
 .text.HAL_MspDeInit
                0x0000000000000000        0x2 Drivers/STM32F4xx_HAL_Driver/Src/stm32f4xx_hal.o
 .text.HAL_DeInit
                0x0000000000000000       0x2c Drivers/STM32F4xx_HAL_Driver/Src/stm32f4xx_hal.o
 .text.HAL_GetTickPrio
                0x0000000000000000        0xc Drivers/STM32F4xx_HAL_Driver/Src/stm32f4xx_hal.o
 .text.HAL_SetTickFreq
                0x0000000000000000       0x28 Drivers/STM32F4xx_HAL_Driver/Src/stm32f4xx_hal.o
 .text.HAL_GetTickFreq
                0x0000000000000000        0xc Drivers/STM32F4xx_HAL_Driver/Src/stm32f4xx_hal.o
 .text.HAL_SuspendTick
                0x0000000000000000       0x10 Drivers/STM32F4xx_HAL_Driver/Src/stm32f4xx_hal.o
 .text.HAL_ResumeTick
                0x0000000000000000       0x10 Drivers/STM32F4xx_HAL_Driver/Src/stm32f4xx_hal.o
 .text.HAL_GetHalVersion
                0x0000000000000000        0x8 Drivers/STM32F4xx_HAL_Driver/Src/stm32f4xx_hal.o
 .text.HAL_GetREVID
                0x0000000000000000        0xc Drivers/STM32F4xx_HAL_Driver/Src/stm32f4xx_hal.o
 .text.HAL_GetDEVID
                0x0000000000000000       0x10 Drivers/STM32F4xx_HAL_Driver/Src/stm32f4xx_hal.o
 .text.HAL_DBGMCU_EnableDBGSleepMode
                0x0000000000000000       0x10 Drivers/STM32F4xx_HAL_Driver/Src/stm32f4xx_hal.o
 .text.HAL_DBGMCU_DisableDBGSleepMode
                0x0000000000000000       0x10 Drivers/STM32F4xx_HAL_Driver/Src/stm32f4xx_hal.o
[...]
Memory Configuration

Name             Origin             Length             Attributes
RAM              0x0000000020000000 0x0000000000050000 xrw
CCMRAM           0x0000000010000000 0x0000000000010000 rw
FLASH            0x0000000008000000 0x0000000000200000 xr
*default*        0x0000000000000000 0xffffffffffffffff

Linker script and memory map

LOAD /opt/Atollic_TrueSTUDIO_for_STM32_x86_64_9.3.0/ARMTools/bin/../lib/gcc/arm-atollic-eabi/6.3.1/armv7e-m/fpu/crti.o
LOAD /opt/Atollic_TrueSTUDIO_for_STM32_x86_64_9.3.0/ARMTools/bin/../lib/gcc/arm-atollic-eabi/6.3.1/armv7e-m/fpu/crtbegin.o
LOAD Drivers/STM32F4xx_HAL_Driver/Src/stm32f4xx_hal.o
LOAD Drivers/STM32F4xx_HAL_Driver/Src/stm32f4xx_hal_cortex.o
LOAD Drivers/STM32F4xx_HAL_Driver/Src/stm32f4xx_hal_dma.o
LOAD Drivers/STM32F4xx_HAL_Driver/Src/stm32f4xx_hal_dma_ex.o
LOAD Drivers/STM32F4xx_HAL_Driver/Src/stm32f4xx_hal_exti.o
LOAD Drivers/STM32F4xx_HAL_Driver/Src/stm32f4xx_hal_flash.o
LOAD Drivers/STM32F4xx_HAL_Driver/Src/stm32f4xx_hal_flash_ex.o
LOAD Drivers/STM32F4xx_HAL_Driver/Src/stm32f4xx_hal_flash_ramfunc.o
LOAD Drivers/STM32F4xx_HAL_Driver/Src/stm32f4xx_hal_gpio.o
LOAD Drivers/STM32F4xx_HAL_Driver/Src/stm32f4xx_hal_pwr.o
LOAD Drivers/STM32F4xx_HAL_Driver/Src/stm32f4xx_hal_pwr_ex.o
LOAD Drivers/STM32F4xx_HAL_Driver/Src/stm32f4xx_hal_rcc.o
LOAD Drivers/STM32F4xx_HAL_Driver/Src/stm32f4xx_hal_rcc_ex.o
LOAD Drivers/STM32F4xx_HAL_Driver/Src/stm32f4xx_hal_sd.o
LOAD Drivers/STM32F4xx_HAL_Driver/Src/stm32f4xx_hal_tim.o
LOAD Drivers/STM32F4xx_HAL_Driver/Src/stm32f4xx_hal_tim_ex.o
LOAD Drivers/STM32F4xx_HAL_Driver/Src/stm32f4xx_ll_sdmmc.o
LOAD Middlewares/Third_Party/FatFs/src/diskio.o
LOAD Middlewares/Third_Party/FatFs/src/ff.o
LOAD Middlewares/Third_Party/FatFs/src/ff_gen_drv.o
LOAD Middlewares/Third_Party/FatFs/src/option/syscall.o
LOAD Src/bsp_driver_sd.o
LOAD Src/fatfs.o
LOAD Src/gpio.o
LOAD Src/main.o
LOAD Src/sd_diskio.o
LOAD Src/sdio.o
LOAD Src/stm32f4xx_hal_msp.o
LOAD Src/stm32f4xx_it.o
LOAD Src/syscalls.o
LOAD Src/system_stm32f4xx.o
LOAD startup/startup_stm32f469xx.o
                0x0000000000000080                malloc_getpagesize_P = 0x80
START GROUP
LOAD /opt/Atollic_TrueSTUDIO_for_STM32_x86_64_9.3.0/ARMTools/bin/../lib/gcc/arm-atollic-eabi/6.3.1/../../../../arm-atollic-eabi/lib/armv7e-m/fpu/libc_nano.a
LOAD /opt/Atollic_TrueSTUDIO_for_STM32_x86_64_9.3.0/ARMTools/bin/../lib/gcc/arm-atollic-eabi/6.3.1/../../../../arm-atollic-eabi/lib/armv7e-m/fpu/libm.a
END GROUP
START GROUP
LOAD /opt/Atollic_TrueSTUDIO_for_STM32_x86_64_9.3.0/ARMTools/bin/../lib/gcc/arm-atollic-eabi/6.3.1/armv7e-m/fpu/libgcc.a
LOAD /opt/Atollic_TrueSTUDIO_for_STM32_x86_64_9.3.0/ARMTools/bin/../lib/gcc/arm-atollic-eabi/6.3.1/../../../../arm-atollic-eabi/lib/armv7e-m/fpu/libc_nano.a
END GROUP
START GROUP
LOAD /opt/Atollic_TrueSTUDIO_for_STM32_x86_64_9.3.0/ARMTools/bin/../lib/gcc/arm-atollic-eabi/6.3.1/armv7e-m/fpu/libgcc.a
LOAD /opt/Atollic_TrueSTUDIO_for_STM32_x86_64_9.3.0/ARMTools/bin/../lib/gcc/arm-atollic-eabi/6.3.1/../../../../arm-atollic-eabi/lib/armv7e-m/fpu/libc_nano.a
LOAD /opt/Atollic_TrueSTUDIO_for_STM32_x86_64_9.3.0/ARMTools/bin/../lib/gcc/arm-atollic-eabi/6.3.1/../../../../arm-atollic-eabi/lib/armv7e-m/fpu/libnosys.a
END GROUP
START GROUP
LOAD /opt/Atollic_TrueSTUDIO_for_STM32_x86_64_9.3.0/ARMTools/bin/../lib/gcc/arm-atollic-eabi/6.3.1/armv7e-m/fpu/libgcc.a
LOAD /opt/Atollic_TrueSTUDIO_for_STM32_x86_64_9.3.0/ARMTools/bin/../lib/gcc/arm-atollic-eabi/6.3.1/../../../../arm-atollic-eabi/lib/armv7e-m/fpu/libc_nano.a
LOAD /opt/Atollic_TrueSTUDIO_for_STM32_x86_64_9.3.0/ARMTools/bin/../lib/gcc/arm-atollic-eabi/6.3.1/../../../../arm-atollic-eabi/lib/armv7e-m/fpu/libnosys.a
END GROUP
LOAD /opt/Atollic_TrueSTUDIO_for_STM32_x86_64_9.3.0/ARMTools/bin/../lib/gcc/arm-atollic-eabi/6.3.1/armv7e-m/fpu/crtend.o
LOAD /opt/Atollic_TrueSTUDIO_for_STM32_x86_64_9.3.0/ARMTools/bin/../lib/gcc/arm-atollic-eabi/6.3.1/armv7e-m/fpu/crtn.o
                0x0000000020050000                _estack = 0x20050000
                0x0000000000002000                _Min_Heap_Size = 0x2000
                0x0000000000004000                _Min_Stack_Size = 0x4000

.isr_vector     0x0000000008000000      0x1b4
                0x0000000008000000                . = ALIGN (0x4)
 *(.isr_vector)
 .isr_vector    0x0000000008000000      0x1b4 startup/startup_stm32f469xx.o
                0x0000000008000000                g_pfnVectors
                0x00000000080001b4                . = ALIGN (0x4)

.text           0x00000000080001b4     0x33a4
                0x00000000080001b4                . = ALIGN (0x4)
 *(.text)
 .text          0x00000000080001b4       0x40 /opt/Atollic_TrueSTUDIO_for_STM32_x86_64_9.3.0/ARMTools/bin/../lib/gcc/arm-atollic-eabi/6.3.1/armv7e-m/fpu/crtbegin.o
 .text          0x00000000080001f4       0x30 /opt/Atollic_TrueSTUDIO_for_STM32_x86_64_9.3.0/ARMTools/bin/../lib/gcc/arm-atollic-eabi/6.3.1/armv7e-m/fpu/libgcc.a(_aeabi_uldivmod.o)
                0x00000000080001f4                __aeabi_uldivmod
 .text          0x0000000008000224      0x2dc /opt/Atollic_TrueSTUDIO_for_STM32_x86_64_9.3.0/ARMTools/bin/../lib/gcc/arm-atollic-eabi/6.3.1/armv7e-m/fpu/libgcc.a(_udivmoddi4.o)
                0x0000000008000224                __udivmoddi4
 .text          0x0000000008000500        0x4 /opt/Atollic_TrueSTUDIO_for_STM32_x86_64_9.3.0/ARMTools/bin/../lib/gcc/arm-atollic-eabi/6.3.1/armv7e-m/fpu/libgcc.a(_dvmd_tls.o)
                0x0000000008000500                __aeabi_ldiv0
                0x0000000008000500                __aeabi_idiv0
 *(.text*)
 .text.HAL_InitTick
                0x0000000008000504       0x48 Drivers/STM32F4xx_HAL_Driver/Src/stm32f4xx_hal.o
                0x0000000008000504                HAL_InitTick
 .text.HAL_Init
                0x000000000800054c       0x34 Drivers/STM32F4xx_HAL_Driver/Src/stm32f4xx_hal.o
                0x000000000800054c                HAL_Init
 .text.HAL_IncTick
                0x0000000008000580       0x18 Drivers/STM32F4xx_HAL_Driver/Src/stm32f4xx_hal.o
                0x0000000008000580                HAL_IncTick
 .text.HAL_GetTick
                0x0000000008000598        0xc Drivers/STM32F4xx_HAL_Driver/Src/stm32f4xx_hal.o
                0x0000000008000598                HAL_GetTick
 .text.HAL_Delay
                0x00000000080005a4       0x28 Drivers/STM32F4xx_HAL_Driver/Src/stm32f4xx_hal.o
                0x00000000080005a4                HAL_Delay
 .text.HAL_NVIC_SetPriorityGrouping
                0x00000000080005cc       0x24 Drivers/STM32F4xx_HAL_Driver/Src/stm32f4xx_hal_cortex.o
                0x00000000080005cc                HAL_NVIC_SetPriorityGrouping
 .text.HAL_NVIC_SetPriority
                0x00000000080005f0       0x68 Drivers/STM32F4xx_HAL_Driver/Src/stm32f4xx_hal_cortex.o
                0x00000000080005f0                HAL_NVIC_SetPriority
 .text.HAL_SYSTICK_Config
                0x0000000008000658       0x2c Drivers/STM32F4xx_HAL_Driver/Src/stm32f4xx_hal_cortex.o
                0x0000000008000658                HAL_SYSTICK_Config
 .text.HAL_GPIO_Init
                0x0000000008000684      0x1d8 Drivers/STM32F4xx_HAL_Driver/Src/stm32f4xx_hal_gpio.o
                0x0000000008000684                HAL_GPIO_Init
 .text.HAL_GPIO_WritePin
                0x000000000800085c        0xa Drivers/STM32F4xx_HAL_Driver/Src/stm32f4xx_hal_gpio.o
                0x000000000800085c                HAL_GPIO_WritePin
 .text.HAL_GPIO_TogglePin
                0x0000000008000866        0xe Drivers/STM32F4xx_HAL_Driver/Src/stm32f4xx_hal_gpio.o
                0x0000000008000866                HAL_GPIO_TogglePin
 .text.HAL_RCC_GetSysClockFreq
                0x0000000008000874       0x5c Drivers/STM32F4xx_HAL_Driver/Src/stm32f4xx_hal_rcc.o
                0x0000000008000874                HAL_RCC_GetSysClockFreq
 .text.HAL_RCC_ClockConfig
                0x00000000080008d0      0x138 Drivers/STM32F4xx_HAL_Driver/Src/stm32f4xx_hal_rcc.o
                0x00000000080008d0                HAL_RCC_ClockConfig
 .text.HAL_RCCEx_PeriphCLKConfig
                0x0000000008000a08      0x2c4 Drivers/STM32F4xx_HAL_Driver/Src/stm32f4xx_hal_rcc_ex.o
                0x0000000008000a08                HAL_RCCEx_PeriphCLKConfig
 .text.HAL_RCC_OscConfig
                0x0000000008000ccc      0x308 Drivers/STM32F4xx_HAL_Driver/Src/stm32f4xx_hal_rcc_ex.o
                0x0000000008000ccc                HAL_RCC_OscConfig
 .text.HAL_SD_ReadBlocks
                0x0000000008000fd4      0x220 Drivers/STM32F4xx_HAL_Driver/Src/stm32f4xx_hal_sd.o
                0x0000000008000fd4                HAL_SD_ReadBlocks
 .text.HAL_SD_WriteBlocks
                0x00000000080011f4      0x1a8 Drivers/STM32F4xx_HAL_Driver/Src/stm32f4xx_hal_sd.o
                0x00000000080011f4                HAL_SD_WriteBlocks
 .text.HAL_SD_GetCardCSD
                0x000000000800139c      0x16c Drivers/STM32F4xx_HAL_Driver/Src/stm32f4xx_hal_sd.o
                0x000000000800139c                HAL_SD_GetCardCSD
 .text.HAL_SD_InitCard
                0x0000000008001508      0x1f8 Drivers/STM32F4xx_HAL_Driver/Src/stm32f4xx_hal_sd.o
                0x0000000008001508                HAL_SD_InitCard
 .text.HAL_SD_Init
                0x0000000008001700       0x36 Drivers/STM32F4xx_HAL_Driver/Src/stm32f4xx_hal_sd.o
                0x0000000008001700                HAL_SD_Init
 .text.HAL_SD_GetCardInfo
                0x0000000008001736       0x24 Drivers/STM32F4xx_HAL_Driver/Src/stm32f4xx_hal_sd.o
                0x0000000008001736                HAL_SD_GetCardInfo
 .text.HAL_SD_GetCardState
                0x000000000800175a       0x28 Drivers/STM32F4xx_HAL_Driver/Src/stm32f4xx_hal_sd.o
                0x000000000800175a                HAL_SD_GetCardState
 *fill*         0x0000000008001782        0x2 
 .text.SDMMC_GetCmdResp2
                0x0000000008001784       0x50 Drivers/STM32F4xx_HAL_Driver/Src/stm32f4xx_ll_sdmmc.o
 .text.SDMMC_GetCmdResp3
                0x00000000080017d4       0x44 Drivers/STM32F4xx_HAL_Driver/Src/stm32f4xx_ll_sdmmc.o
 .text.SDMMC_GetCmdResp1
                0x0000000008001818      0x11c Drivers/STM32F4xx_HAL_Driver/Src/stm32f4xx_ll_sdmmc.o
 .text.SDIO_Init
                0x0000000008001934       0x38 Drivers/STM32F4xx_HAL_Driver/Src/stm32f4xx_ll_sdmmc.o
                0x0000000008001934                SDIO_Init
 .text.SDIO_ReadFIFO
                0x000000000800196c        0x6 Drivers/STM32F4xx_HAL_Driver/Src/stm32f4xx_ll_sdmmc.o
                0x000000000800196c                SDIO_ReadFIFO
 .text.SDIO_WriteFIFO
                0x0000000008001972        0xa Drivers/STM32F4xx_HAL_Driver/Src/stm32f4xx_ll_sdmmc.o
                0x0000000008001972                SDIO_WriteFIFO
 .text.SDIO_PowerState_ON
                0x000000000800197c       0x10 Drivers/STM32F4xx_HAL_Driver/Src/stm32f4xx_ll_sdmmc.o
                0x000000000800197c                SDIO_PowerState_ON
 .text.SDIO_GetPowerState
                0x000000000800198c        0x8 Drivers/STM32F4xx_HAL_Driver/Src/stm32f4xx_ll_sdmmc.o
                0x000000000800198c                SDIO_GetPowerState
 .text.SDIO_SendCommand
                0x0000000008001994       0x26 Drivers/STM32F4xx_HAL_Driver/Src/stm32f4xx_ll_sdmmc.o
                0x0000000008001994                SDIO_SendCommand
 .text.SDIO_GetResponse
                0x00000000080019ba        0x6 Drivers/STM32F4xx_HAL_Driver/Src/stm32f4xx_ll_sdmmc.o
                0x00000000080019ba                SDIO_GetResponse
 .text.SDIO_ConfigData
                0x00000000080019c0       0x26 Drivers/STM32F4xx_HAL_Driver/Src/stm32f4xx_ll_sdmmc.o
                0x00000000080019c0                SDIO_ConfigData
 .text.SDMMC_CmdBlockLength
                0x00000000080019e6       0x30 Drivers/STM32F4xx_HAL_Driver/Src/stm32f4xx_ll_sdmmc.o
                0x00000000080019e6                SDMMC_CmdBlockLength
 .text.SDMMC_CmdReadSingleBlock
                0x0000000008001a16       0x30 Drivers/STM32F4xx_HAL_Driver/Src/stm32f4xx_ll_sdmmc.o
                0x0000000008001a16                SDMMC_CmdReadSingleBlock
 .text.SDMMC_CmdReadMultiBlock
                0x0000000008001a46       0x30 Drivers/STM32F4xx_HAL_Driver/Src/stm32f4xx_ll_sdmmc.o
                0x0000000008001a46                SDMMC_CmdReadMultiBlock
 .text.SDMMC_CmdWriteSingleBlock
                0x0000000008001a76       0x30 Drivers/STM32F4xx_HAL_Driver/Src/stm32f4xx_ll_sdmmc.o
                0x0000000008001a76                SDMMC_CmdWriteSingleBlock
 .text.SDMMC_CmdWriteMultiBlock
                0x0000000008001aa6       0x30 Drivers/STM32F4xx_HAL_Driver/Src/stm32f4xx_ll_sdmmc.o
                0x0000000008001aa6                SDMMC_CmdWriteMultiBlock
 *fill*         0x0000000008001ad6        0x2 
 .text.SDMMC_CmdStopTransfer
                0x0000000008001ad8       0x34 Drivers/STM32F4xx_HAL_Driver/Src/stm32f4xx_ll_sdmmc.o
                0x0000000008001ad8                SDMMC_CmdStopTransfer
 .text.SDMMC_CmdSelDesel
                0x0000000008001b0c       0x30 Drivers/STM32F4xx_HAL_Driver/Src/stm32f4xx_ll_sdmmc.o
                0x0000000008001b0c                SDMMC_CmdSelDesel
 .text.SDMMC_CmdGoIdleState
                0x0000000008001b3c       0x50 Drivers/STM32F4xx_HAL_Driver/Src/stm32f4xx_ll_sdmmc.o
                0x0000000008001b3c                SDMMC_CmdGoIdleState
 .text.SDMMC_CmdOperCond
                0x0000000008001b8c       0x7c Drivers/STM32F4xx_HAL_Driver/Src/stm32f4xx_ll_sdmmc.o
                0x0000000008001b8c                SDMMC_CmdOperCond
 .text.SDMMC_CmdAppCommand
                0x0000000008001c08       0x30 Drivers/STM32F4xx_HAL_Driver/Src/stm32f4xx_ll_sdmmc.o
                0x0000000008001c08                SDMMC_CmdAppCommand
 .text.SDMMC_CmdAppOperCommand
                0x0000000008001c38       0x32 Drivers/STM32F4xx_HAL_Driver/Src/stm32f4xx_ll_sdmmc.o
                0x0000000008001c38                SDMMC_CmdAppOperCommand
 .text.SDMMC_CmdSendCID
                0x0000000008001c6a       0x2a Drivers/STM32F4xx_HAL_Driver/Src/stm32f4xx_ll_sdmmc.o
                0x0000000008001c6a                SDMMC_CmdSendCID
 .text.SDMMC_CmdSendCSD
                0x0000000008001c94       0x2a Drivers/STM32F4xx_HAL_Driver/Src/stm32f4xx_ll_sdmmc.o
                0x0000000008001c94                SDMMC_CmdSendCSD
 *fill*         0x0000000008001cbe        0x2 
 .text.SDMMC_CmdSetRelAdd
                0x0000000008001cc0       0xa0 Drivers/STM32F4xx_HAL_Driver/Src/stm32f4xx_ll_sdmmc.o
                0x0000000008001cc0                SDMMC_CmdSetRelAdd
 .text.SDMMC_CmdSendStatus
                0x0000000008001d60       0x30 Drivers/STM32F4xx_HAL_Driver/Src/stm32f4xx_ll_sdmmc.o
                0x0000000008001d60                SDMMC_CmdSendStatus
 .text.disk_status
                0x0000000008001d90       0x14 Middlewares/Third_Party/FatFs/src/diskio.o
                0x0000000008001d90                disk_status
 .text.disk_initialize
                0x0000000008001da4       0x20 Middlewares/Third_Party/FatFs/src/diskio.o
                0x0000000008001da4                disk_initialize
 .text.disk_read
                0x0000000008001dc4       0x1c Middlewares/Third_Party/FatFs/src/diskio.o
                0x0000000008001dc4                disk_read
 .text.disk_write
                0x0000000008001de0       0x1c Middlewares/Third_Party/FatFs/src/diskio.o
                0x0000000008001de0                disk_write
 .text.disk_ioctl
                0x0000000008001dfc       0x1c Middlewares/Third_Party/FatFs/src/diskio.o
                0x0000000008001dfc                disk_ioctl
 .text.ld_dword
                0x0000000008001e18       0x10 Middlewares/Third_Party/FatFs/src/ff.o
 .text.st_dword
                0x0000000008001e28       0x10 Middlewares/Third_Party/FatFs/src/ff.o
 .text.mem_set  0x0000000008001e38        0xc Middlewares/Third_Party/FatFs/src/ff.o
 .text.chk_lock
                0x0000000008001e44       0x5c Middlewares/Third_Party/FatFs/src/ff.o
 .text.inc_lock
                0x0000000008001ea0       0x78 Middlewares/Third_Party/FatFs/src/ff.o
 .text.dec_lock
                0x0000000008001f18       0x30 Middlewares/Third_Party/FatFs/src/ff.o
 .text.clust2sect
                0x0000000008001f48       0x16 Middlewares/Third_Party/FatFs/src/ff.o
 .text.clmt_clust
                0x0000000008001f5e       0x22 Middlewares/Third_Party/FatFs/src/ff.o
 .text.get_ldnumber
                0x0000000008001f80       0x30 Middlewares/Third_Party/FatFs/src/ff.o
 .text.validate
                0x0000000008001fb0       0x34 Middlewares/Third_Party/FatFs/src/ff.o
 .text.mem_cpy.part.0
                0x0000000008001fe4       0x12 Middlewares/Third_Party/FatFs/src/ff.o
 .text.ld_clust.isra.1
                0x0000000008001ff6       0x1c Middlewares/Third_Party/FatFs/src/ff.o
 .text.st_clust.isra.2
                0x0000000008002012       0x18 Middlewares/Third_Party/FatFs/src/ff.o
 .text.sync_window.part.4
                0x000000000800202a       0x46 Middlewares/Third_Party/FatFs/src/ff.o
 .text.sync_window
                0x0000000008002070        0xc Middlewares/Third_Party/FatFs/src/ff.o
 .text.sync_fs  0x000000000800207c       0x96 Middlewares/Third_Party/FatFs/src/ff.o
 .text.move_window
                0x0000000008002112       0x36 Middlewares/Third_Party/FatFs/src/ff.o
 .text.check_fs
                0x0000000008002148       0x80 Middlewares/Third_Party/FatFs/src/ff.o
 .text.find_volume
                0x00000000080021c8      0x2bc Middlewares/Third_Party/FatFs/src/ff.o
 .text.put_fat  0x0000000008002484       0xf8 Middlewares/Third_Party/FatFs/src/ff.o
 .text.get_fat.isra.8
                0x000000000800257c       0xb4 Middlewares/Third_Party/FatFs/src/ff.o
 .text.create_chain
                0x0000000008002630       0xb0 Middlewares/Third_Party/FatFs/src/ff.o
 .text.remove_chain
                0x00000000080026e0       0x6c Middlewares/Third_Party/FatFs/src/ff.o
 .text.dir_sdi.constprop.11
                0x000000000800274c       0x66 Middlewares/Third_Party/FatFs/src/ff.o
 .text.dir_next
                0x00000000080027b2       0xf2 Middlewares/Third_Party/FatFs/src/ff.o
 .text.follow_path
                0x00000000080028a4      0x188 Middlewares/Third_Party/FatFs/src/ff.o
 .text.dir_register
                0x0000000008002a2c       0x62 Middlewares/Third_Party/FatFs/src/ff.o
 *fill*         0x0000000008002a8e        0x2 
 .text.f_mount  0x0000000008002a90       0x68 Middlewares/Third_Party/FatFs/src/ff.o
                0x0000000008002a90                f_mount
 .text.f_open   0x0000000008002af8      0x224 Middlewares/Third_Party/FatFs/src/ff.o
                0x0000000008002af8                f_open
 .text.f_write  0x0000000008002d1c      0x18a Middlewares/Third_Party/FatFs/src/ff.o
                0x0000000008002d1c                f_write
 .text.f_sync   0x0000000008002ea6       0x90 Middlewares/Third_Party/FatFs/src/ff.o
                0x0000000008002ea6                f_sync
 .text.f_close  0x0000000008002f36       0x22 Middlewares/Third_Party/FatFs/src/ff.o
                0x0000000008002f36                f_close
 .text.FATFS_LinkDriverEx
                0x0000000008002f58       0x44 Middlewares/Third_Party/FatFs/src/ff_gen_drv.o
                0x0000000008002f58                FATFS_LinkDriverEx
 .text.FATFS_LinkDriver
                0x0000000008002f9c        0x6 Middlewares/Third_Party/FatFs/src/ff_gen_drv.o
                0x0000000008002f9c                FATFS_LinkDriver
 *fill*         0x0000000008002fa2        0x2 
 .text.BSP_SD_Init
                0x0000000008002fa4       0x20 Src/bsp_driver_sd.o
                0x0000000008002fa4                BSP_SD_Init
 .text.BSP_SD_ReadBlocks
                0x0000000008002fc4       0x20 Src/bsp_driver_sd.o
                0x0000000008002fc4                BSP_SD_ReadBlocks
 .text.BSP_SD_WriteBlocks
                0x0000000008002fe4       0x20 Src/bsp_driver_sd.o
                0x0000000008002fe4                BSP_SD_WriteBlocks
 .text.BSP_SD_GetCardState
                0x0000000008003004       0x14 Src/bsp_driver_sd.o
                0x0000000008003004                BSP_SD_GetCardState
 .text.BSP_SD_GetCardInfo
                0x0000000008003018        0xc Src/bsp_driver_sd.o
                0x0000000008003018                BSP_SD_GetCardInfo
 .text.MX_FATFS_Init
                0x0000000008003024       0x1c Src/fatfs.o
                0x0000000008003024                MX_FATFS_Init
 .text.get_fattime
                0x0000000008003040        0x4 Src/fatfs.o
                0x0000000008003040                get_fattime
 .text.MX_GPIO_Init
                0x0000000008003044      0x100 Src/gpio.o
                0x0000000008003044                MX_GPIO_Init
 .text.SystemClock_Config
                0x0000000008003144       0xb0 Src/main.o
                0x0000000008003144                SystemClock_Config
 .text.startup.main
                0x00000000080031f4       0xac Src/main.o
                0x00000000080031f4                main
 .text.SD_CheckStatus.isra.0
                0x00000000080032a0       0x20 Src/sd_diskio.o
 .text.SD_initialize
                0x00000000080032c0       0x1c Src/sd_diskio.o
                0x00000000080032c0                SD_initialize
 .text.SD_status
                0x00000000080032dc        0x4 Src/sd_diskio.o
                0x00000000080032dc                SD_status
 .text.SD_read  0x00000000080032e0       0x20 Src/sd_diskio.o
                0x00000000080032e0                SD_read
 .text.SD_ioctl
                0x0000000008003300       0x50 Src/sd_diskio.o
                0x0000000008003300                SD_ioctl
 .text.SD_write
                0x0000000008003350       0x20 Src/sd_diskio.o
                0x0000000008003350                SD_write
 .text.MX_SDIO_SD_Init
                0x0000000008003370       0x20 Src/sdio.o
                0x0000000008003370                MX_SDIO_SD_Init
 .text.HAL_SD_MspInit
                0x0000000008003390       0x9c Src/sdio.o
                0x0000000008003390                HAL_SD_MspInit
 .text.HAL_MspInit
                0x000000000800342c       0x38 Src/stm32f4xx_hal_msp.o
                0x000000000800342c                HAL_MspInit
 .text.NMI_Handler
                0x0000000008003464        0x2 Src/stm32f4xx_it.o
                0x0000000008003464                NMI_Handler
 .text.HardFault_Handler
                0x0000000008003466        0x2 Src/stm32f4xx_it.o
                0x0000000008003466                HardFault_Handler
 .text.MemManage_Handler
                0x0000000008003468        0x2 Src/stm32f4xx_it.o
                0x0000000008003468                MemManage_Handler
 .text.BusFault_Handler
                0x000000000800346a        0x2 Src/stm32f4xx_it.o
                0x000000000800346a                BusFault_Handler
 .text.UsageFault_Handler
                0x000000000800346c        0x2 Src/stm32f4xx_it.o
                0x000000000800346c                UsageFault_Handler
 .text.SVC_Handler
                0x000000000800346e        0x2 Src/stm32f4xx_it.o
                0x000000000800346e                SVC_Handler
 .text.DebugMon_Handler
                0x0000000008003470        0x2 Src/stm32f4xx_it.o
                0x0000000008003470                DebugMon_Handler
 .text.PendSV_Handler
                0x0000000008003472        0x2 Src/stm32f4xx_it.o
                0x0000000008003472                PendSV_Handler
 .text.SysTick_Handler
                0x0000000008003474        0x4 Src/stm32f4xx_it.o
                0x0000000008003474                SysTick_Handler
 .text.SystemInit
                0x0000000008003478       0x1c Src/system_stm32f4xx.o
                0x0000000008003478                SystemInit
 .text.Reset_Handler
                0x0000000008003494       0x50 startup/startup_stm32f469xx.o
                0x0000000008003494                Reset_Handler
 .text.Default_Handler
                0x00000000080034e4        0x2 startup/startup_stm32f469xx.o
                0x00000000080034e4                RTC_Alarm_IRQHandler
                0x00000000080034e4                HASH_RNG_IRQHandler
                0x00000000080034e4                EXTI2_IRQHandler
                0x00000000080034e4                TIM8_CC_IRQHandler
                0x00000000080034e4                UART8_IRQHandler
                0x00000000080034e4                SPI4_IRQHandler
                0x00000000080034e4                TIM1_CC_IRQHandler
                0x00000000080034e4                DMA2_Stream5_IRQHandler
                0x00000000080034e4                DMA1_Stream5_IRQHandler
                0x00000000080034e4                PVD_IRQHandler
                0x00000000080034e4                SDIO_IRQHandler
                0x00000000080034e4                TAMP_STAMP_IRQHandler
                0x00000000080034e4                CAN2_RX1_IRQHandler
                0x00000000080034e4                EXTI3_IRQHandler
                0x00000000080034e4                TIM8_TRG_COM_TIM14_IRQHandler
                0x00000000080034e4                TIM1_UP_TIM10_IRQHandler
                0x00000000080034e4                TIM8_UP_TIM13_IRQHandler
                0x00000000080034e4                I2C3_ER_IRQHandler
                0x00000000080034e4                EXTI0_IRQHandler
                0x00000000080034e4                I2C2_EV_IRQHandler
                0x00000000080034e4                DMA1_Stream2_IRQHandler
                0x00000000080034e4                CAN1_RX0_IRQHandler
                0x00000000080034e4                FPU_IRQHandler
                0x00000000080034e4                OTG_HS_WKUP_IRQHandler
                0x00000000080034e4                LTDC_ER_IRQHandler
                0x00000000080034e4                CAN2_SCE_IRQHandler
                0x00000000080034e4                DMA2_Stream2_IRQHandler
                0x00000000080034e4                SPI1_IRQHandler
                0x00000000080034e4                TIM6_DAC_IRQHandler
                0x00000000080034e4                TIM1_BRK_TIM9_IRQHandler
                0x00000000080034e4                DCMI_IRQHandler
                0x00000000080034e4                CAN2_RX0_IRQHandler
                0x00000000080034e4                DMA2_Stream3_IRQHandler
                0x00000000080034e4                USART6_IRQHandler
                0x00000000080034e4                USART3_IRQHandler
                0x00000000080034e4                CAN1_RX1_IRQHandler
                0x00000000080034e4                UART5_IRQHandler
                0x00000000080034e4                DMA2_Stream0_IRQHandler
                0x00000000080034e4                TIM4_IRQHandler
                0x00000000080034e4                QUADSPI_IRQHandler
                0x00000000080034e4                I2C1_EV_IRQHandler
                0x00000000080034e4                DMA1_Stream6_IRQHandler
                0x00000000080034e4                DMA1_Stream1_IRQHandler
                0x00000000080034e4                UART4_IRQHandler
                0x00000000080034e4                TIM3_IRQHandler
                0x00000000080034e4                RCC_IRQHandler
                0x00000000080034e4                TIM8_BRK_TIM12_IRQHandler
                0x00000000080034e4                Default_Handler
                0x00000000080034e4                EXTI15_10_IRQHandler
                0x00000000080034e4                ADC_IRQHandler
                0x00000000080034e4                DMA1_Stream7_IRQHandler
                0x00000000080034e4                SPI5_IRQHandler
                0x00000000080034e4                TIM7_IRQHandler
                0x00000000080034e4                CAN2_TX_IRQHandler
                0x00000000080034e4                TIM5_IRQHandler
                0x00000000080034e4                DMA2_Stream7_IRQHandler
                0x00000000080034e4                I2C3_EV_IRQHandler
                0x00000000080034e4                EXTI9_5_IRQHandler
                0x00000000080034e4                RTC_WKUP_IRQHandler
                0x00000000080034e4                LTDC_IRQHandler
                0x00000000080034e4                ETH_WKUP_IRQHandler
                0x00000000080034e4                SPI2_IRQHandler
                0x00000000080034e4                OTG_HS_EP1_IN_IRQHandler
                0x00000000080034e4                DMA1_Stream0_IRQHandler
                0x00000000080034e4                CAN1_TX_IRQHandler
                0x00000000080034e4                EXTI4_IRQHandler
                0x00000000080034e4                DSI_IRQHandler
                0x00000000080034e4                ETH_IRQHandler
                0x00000000080034e4                OTG_HS_EP1_OUT_IRQHandler
                0x00000000080034e4                WWDG_IRQHandler
                0x00000000080034e4                SPI6_IRQHandler
                0x00000000080034e4                TIM2_IRQHandler
                0x00000000080034e4                OTG_FS_WKUP_IRQHandler
                0x00000000080034e4                TIM1_TRG_COM_TIM11_IRQHandler
                0x00000000080034e4                OTG_HS_IRQHandler
                0x00000000080034e4                DMA2D_IRQHandler
                0x00000000080034e4                EXTI1_IRQHandler
                0x00000000080034e4                UART7_IRQHandler
                0x00000000080034e4                USART2_IRQHandler
                0x00000000080034e4                I2C2_ER_IRQHandler
                0x00000000080034e4                DMA2_Stream1_IRQHandler
                0x00000000080034e4                CAN1_SCE_IRQHandler
                0x00000000080034e4                FLASH_IRQHandler
                0x00000000080034e4                DMA2_Stream4_IRQHandler
                0x00000000080034e4                USART1_IRQHandler
                0x00000000080034e4                OTG_FS_IRQHandler
                0x00000000080034e4                SPI3_IRQHandler
                0x00000000080034e4                DMA1_Stream4_IRQHandler
                0x00000000080034e4                I2C1_ER_IRQHandler
                0x00000000080034e4                FMC_IRQHandler
                0x00000000080034e4                DMA2_Stream6_IRQHandler
                0x00000000080034e4                SAI1_IRQHandler
                0x00000000080034e4                DMA1_Stream3_IRQHandler
 *fill*         0x00000000080034e6        0x2 
 .text.__libc_init_array
                0x00000000080034e8       0x48 /opt/Atollic_TrueSTUDIO_for_STM32_x86_64_9.3.0/ARMTools/bin/../lib/gcc/arm-atollic-eabi/6.3.1/../../../../arm-atollic-eabi/lib/armv7e-m/fpu/libc_nano.a(lib_a-init.o)
                0x00000000080034e8                __libc_init_array
 .text.memset   0x0000000008003530       0x10 /opt/Atollic_TrueSTUDIO_for_STM32_x86_64_9.3.0/ARMTools/bin/../lib/gcc/arm-atollic-eabi/6.3.1/../../../../arm-atollic-eabi/lib/armv7e-m/fpu/libc_nano.a(lib_a-memset.o)
                0x0000000008003530                memset
 *(.glue_7)
 .glue_7        0x0000000008003540        0x0 linker stubs
 *(.glue_7t)
 .glue_7t       0x0000000008003540        0x0 linker stubs
 *(.eh_frame)
 .eh_frame      0x0000000008003540        0x0 /opt/Atollic_TrueSTUDIO_for_STM32_x86_64_9.3.0/ARMTools/bin/../lib/gcc/arm-atollic-eabi/6.3.1/armv7e-m/fpu/crtbegin.o
 *(.init)
 .init          0x0000000008003540        0x4 /opt/Atollic_TrueSTUDIO_for_STM32_x86_64_9.3.0/ARMTools/bin/../lib/gcc/arm-atollic-eabi/6.3.1/armv7e-m/fpu/crti.o
                0x0000000008003540                _init
 .init          0x0000000008003544        0x8 /opt/Atollic_TrueSTUDIO_for_STM32_x86_64_9.3.0/ARMTools/bin/../lib/gcc/arm-atollic-eabi/6.3.1/armv7e-m/fpu/crtn.o
 *(.fini)
 .fini          0x000000000800354c        0x4 /opt/Atollic_TrueSTUDIO_for_STM32_x86_64_9.3.0/ARMTools/bin/../lib/gcc/arm-atollic-eabi/6.3.1/armv7e-m/fpu/crti.o
                0x000000000800354c                _fini
 .fini          0x0000000008003550        0x8 /opt/Atollic_TrueSTUDIO_for_STM32_x86_64_9.3.0/ARMTools/bin/../lib/gcc/arm-atollic-eabi/6.3.1/armv7e-m/fpu/crtn.o
                0x0000000008003558                . = ALIGN (0x4)
                0x0000000008003558                _etext = .

.vfp11_veneer   0x0000000008003558        0x0
 .vfp11_veneer  0x0000000008003558        0x0 linker stubs

.v4_bx          0x0000000008003558        0x0
 .v4_bx         0x0000000008003558        0x0 linker stubs

.iplt           0x0000000008003558        0x0
 .iplt          0x0000000008003558        0x0 /opt/Atollic_TrueSTUDIO_for_STM32_x86_64_9.3.0/ARMTools/bin/../lib/gcc/arm-atollic-eabi/6.3.1/armv7e-m/fpu/crtbegin.o

.rodata         0x0000000008003558       0xd0
                0x0000000008003558                . = ALIGN (0x4)
 *(.rodata)
 .rodata        0x0000000008003558       0x1d Src/main.o
 *(.rodata*)
 .rodata.ExCvt  0x0000000008003575       0x80 Middlewares/Third_Party/FatFs/src/ff.o
 .rodata.follow_path.str1.1
                0x00000000080035f5        0xf Middlewares/Third_Party/FatFs/src/ff.o
 .rodata.SD_Driver
                0x0000000008003604       0x14 Src/sd_diskio.o
                0x0000000008003604                SD_Driver
 .rodata.AHBPrescTable
                0x0000000008003618       0x10 Src/system_stm32f4xx.o
                0x0000000008003618                AHBPrescTable
                0x0000000008003628                . = ALIGN (0x4)

.ARM.extab
 *(.ARM.extab* .gnu.linkonce.armextab.*)

.ARM            0x0000000008003628        0x8
                0x0000000008003628                __exidx_start = .
 *(.ARM.exidx*)
 .ARM.exidx     0x0000000008003628        0x8 /opt/Atollic_TrueSTUDIO_for_STM32_x86_64_9.3.0/ARMTools/bin/../lib/gcc/arm-atollic-eabi/6.3.1/armv7e-m/fpu/libgcc.a(_udivmoddi4.o)
                0x0000000008003630                __exidx_end = .

.rel.dyn        0x0000000008003630        0x0
 .rel.iplt      0x0000000008003630        0x0 /opt/Atollic_TrueSTUDIO_for_STM32_x86_64_9.3.0/ARMTools/bin/../lib/gcc/arm-atollic-eabi/6.3.1/armv7e-m/fpu/crtbegin.o

.preinit_array  0x0000000008003630        0x0
                0x0000000008003630                PROVIDE (__preinit_array_start, .)
 *(.preinit_array*)
                0x0000000008003630                PROVIDE (__preinit_array_end, .)

.init_array     0x0000000008003630        0x4
                0x0000000008003630                PROVIDE (__init_array_start, .)
 *(SORT(.init_array.*))
 *(.init_array*)
 .init_array    0x0000000008003630        0x4 /opt/Atollic_TrueSTUDIO_for_STM32_x86_64_9.3.0/ARMTools/bin/../lib/gcc/arm-atollic-eabi/6.3.1/armv7e-m/fpu/crtbegin.o
                0x0000000008003634                PROVIDE (__init_array_end, .)

.fini_array     0x0000000008003634        0x4
                [!provide]                        PROVIDE (__fini_array_start, .)
 *(SORT(.fini_array.*))
 *(.fini_array*)
 .fini_array    0x0000000008003634        0x4 /opt/Atollic_TrueSTUDIO_for_STM32_x86_64_9.3.0/ARMTools/bin/../lib/gcc/arm-atollic-eabi/6.3.1/armv7e-m/fpu/crtbegin.o
                [!provide]                        PROVIDE (__fini_array_end, .)
                0x0000000008003638                _sidata = LOADADDR (.data)

.data           0x0000000020000000       0x10 load address 0x0000000008003638
                0x0000000020000000                . = ALIGN (0x4)
                0x0000000020000000                _sdata = .
 *(.data)
 *(.data*)
 .data.uwTickFreq
                0x0000000020000000        0x1 Drivers/STM32F4xx_HAL_Driver/Src/stm32f4xx_hal.o
                0x0000000020000000                uwTickFreq
 *fill*         0x0000000020000001        0x3 
 .data.uwTickPrio
                0x0000000020000004        0x4 Drivers/STM32F4xx_HAL_Driver/Src/stm32f4xx_hal.o
                0x0000000020000004                uwTickPrio
 .data.Stat     0x0000000020000008        0x1 Src/sd_diskio.o
 *fill*         0x0000000020000009        0x3 
 .data.SystemCoreClock
                0x000000002000000c        0x4 Src/system_stm32f4xx.o
                0x000000002000000c                SystemCoreClock
                0x0000000020000010                . = ALIGN (0x4)
                0x0000000020000010                _edata = .
                0x0000000008003648                _siccmram = LOADADDR (.ccmram)

.igot.plt       0x0000000020000010        0x0 load address 0x0000000008003648
 .igot.plt      0x0000000020000010        0x0 /opt/Atollic_TrueSTUDIO_for_STM32_x86_64_9.3.0/ARMTools/bin/../lib/gcc/arm-atollic-eabi/6.3.1/armv7e-m/fpu/crtbegin.o

.ccmram         0x0000000010000000        0x0 load address 0x0000000008003648
                0x0000000010000000                . = ALIGN (0x4)
                0x0000000010000000                _sccmram = .
 *(.ccmram)
 *(.ccmram*)
                0x0000000010000000                . = ALIGN (0x4)
                0x0000000010000000                _eccmram = .
                0x0000000010000000                . = ALIGN (0x4)

.bss            0x0000000020000010      0x540
                0x0000000020000010                _sbss = .
                0x0000000020000010                __bss_start__ = _sbss
 *(.bss)
 .bss           0x0000000020000010       0x1c /opt/Atollic_TrueSTUDIO_for_STM32_x86_64_9.3.0/ARMTools/bin/../lib/gcc/arm-atollic-eabi/6.3.1/armv7e-m/fpu/crtbegin.o
 *(.bss*)
 .bss.FatFs     0x000000002000002c        0x4 Middlewares/Third_Party/FatFs/src/ff.o
 .bss.Files     0x0000000020000030       0x20 Middlewares/Third_Party/FatFs/src/ff.o
 .bss.Fsid      0x0000000020000050        0x2 Middlewares/Third_Party/FatFs/src/ff.o
 *fill*         0x0000000020000052        0x2 
 .bss.disk      0x0000000020000054        0xc Middlewares/Third_Party/FatFs/src/ff_gen_drv.o
                0x0000000020000054                disk
 *(COMMON)
 COMMON         0x0000000020000060        0x4 Drivers/STM32F4xx_HAL_Driver/Src/stm32f4xx_hal.o
                0x0000000020000060                uwTick
 COMMON         0x0000000020000064      0x468 Src/fatfs.o
                0x0000000020000064                retSD
                0x0000000020000065                SDPath
                0x000000002000006c                SDFile
                0x000000002000029c                SDFatFS
 COMMON         0x00000000200004cc       0x84 Src/sdio.o
                0x00000000200004cc                hsd
                0x0000000020000550                . = ALIGN (0x4)
                0x0000000020000550                _ebss = .
                0x0000000020000550                __bss_end__ = _ebss

._user_heap_stack
                0x0000000020000550     0x6000
                0x0000000020000550                . = ALIGN (0x4)
                0x0000000020000550                PROVIDE (end, .)
                [!provide]                        PROVIDE (_end, .)
                0x0000000020002550                . = (. + _Min_Heap_Size)
 *fill*         0x0000000020000550     0x2000 
                0x0000000020006550                . = (. + _Min_Stack_Size)
 *fill*         0x0000000020002550     0x4000 
                0x0000000020006550                . = ALIGN (0x4)

/DISCARD/
 libc.a(*)
 libm.a(*)
 libgcc.a(*)

.ARM.attributes
                0x0000000000000000       0x30
 *(.ARM.attributes)
 .ARM.attributes
                0x0000000000000000       0x22 /opt/Atollic_TrueSTUDIO_for_STM32_x86_64_9.3.0/ARMTools/bin/../lib/gcc/arm-atollic-eabi/6.3.1/armv7e-m/fpu/crti.o
 .ARM.attributes
                0x0000000000000022       0x34 /opt/Atollic_TrueSTUDIO_for_STM32_x86_64_9.3.0/ARMTools/bin/../lib/gcc/arm-atollic-eabi/6.3.1/armv7e-m/fpu/crtbegin.o
 .ARM.attributes
                0x0000000000000056       0x39 Drivers/STM32F4xx_HAL_Driver/Src/stm32f4xx_hal.o
 .ARM.attributes
                0x000000000000008f       0x39 Drivers/STM32F4xx_HAL_Driver/Src/stm32f4xx_hal_cortex.o
 .ARM.attributes
                0x00000000000000c8       0x39 Drivers/STM32F4xx_HAL_Driver/Src/stm32f4xx_hal_gpio.o
 .ARM.attributes
                0x0000000000000101       0x39 Drivers/STM32F4xx_HAL_Driver/Src/stm32f4xx_hal_rcc.o
 .ARM.attributes
                0x000000000000013a       0x39 Drivers/STM32F4xx_HAL_Driver/Src/stm32f4xx_hal_rcc_ex.o
 .ARM.attributes
                0x0000000000000173       0x39 Drivers/STM32F4xx_HAL_Driver/Src/stm32f4xx_hal_sd.o
 .ARM.attributes
                0x00000000000001ac       0x39 Drivers/STM32F4xx_HAL_Driver/Src/stm32f4xx_ll_sdmmc.o
 .ARM.attributes
                0x00000000000001e5       0x39 Middlewares/Third_Party/FatFs/src/diskio.o
 .ARM.attributes
                0x000000000000021e       0x39 Middlewares/Third_Party/FatFs/src/ff.o
 .ARM.attributes
                0x0000000000000257       0x39 Middlewares/Third_Party/FatFs/src/ff_gen_drv.o
 .ARM.attributes
                0x0000000000000290       0x39 Src/bsp_driver_sd.o
 .ARM.attributes
                0x00000000000002c9       0x39 Src/fatfs.o
 .ARM.attributes
                0x0000000000000302       0x39 Src/gpio.o
 .ARM.attributes
                0x000000000000033b       0x39 Src/main.o
 .ARM.attributes
                0x0000000000000374       0x39 Src/sd_diskio.o
 .ARM.attributes
                0x00000000000003ad       0x39 Src/sdio.o
 .ARM.attributes
                0x00000000000003e6       0x39 Src/stm32f4xx_hal_msp.o
 .ARM.attributes
                0x000000000000041f       0x39 Src/stm32f4xx_it.o
 .ARM.attributes
                0x0000000000000458       0x39 Src/system_stm32f4xx.o
 .ARM.attributes
                0x0000000000000491       0x21 startup/startup_stm32f469xx.o
 .ARM.attributes
                0x00000000000004b2       0x34 /opt/Atollic_TrueSTUDIO_for_STM32_x86_64_9.3.0/ARMTools/bin/../lib/gcc/arm-atollic-eabi/6.3.1/../../../../arm-atollic-eabi/lib/armv7e-m/fpu/libc_nano.a(lib_a-init.o)
 .ARM.attributes
                0x00000000000004e6       0x34 /opt/Atollic_TrueSTUDIO_for_STM32_x86_64_9.3.0/ARMTools/bin/../lib/gcc/arm-atollic-eabi/6.3.1/../../../../arm-atollic-eabi/lib/armv7e-m/fpu/libc_nano.a(lib_a-memset.o)
 .ARM.attributes
                0x000000000000051a       0x22 /opt/Atollic_TrueSTUDIO_for_STM32_x86_64_9.3.0/ARMTools/bin/../lib/gcc/arm-atollic-eabi/6.3.1/armv7e-m/fpu/libgcc.a(_aeabi_uldivmod.o)
 .ARM.attributes
                0x000000000000053c       0x34 /opt/Atollic_TrueSTUDIO_for_STM32_x86_64_9.3.0/ARMTools/bin/../lib/gcc/arm-atollic-eabi/6.3.1/armv7e-m/fpu/libgcc.a(_udivmoddi4.o)
 .ARM.attributes
                0x0000000000000570       0x22 /opt/Atollic_TrueSTUDIO_for_STM32_x86_64_9.3.0/ARMTools/bin/../lib/gcc/arm-atollic-eabi/6.3.1/armv7e-m/fpu/libgcc.a(_dvmd_tls.o)
 .ARM.attributes
                0x0000000000000592       0x22 /opt/Atollic_TrueSTUDIO_for_STM32_x86_64_9.3.0/ARMTools/bin/../lib/gcc/arm-atollic-eabi/6.3.1/armv7e-m/fpu/crtn.o
OUTPUT(f469ni_ledblink.elf elf32-littlearm)

.debug_info     0x0000000000000000    0x13fda
 .debug_info    0x0000000000000000      0xa94 Drivers/STM32F4xx_HAL_Driver/Src/stm32f4xx_hal.o
 .debug_info    0x0000000000000a94      0xfcc Drivers/STM32F4xx_HAL_Driver/Src/stm32f4xx_hal_cortex.o
 .debug_info    0x0000000000001a60      0x7e0 Drivers/STM32F4xx_HAL_Driver/Src/stm32f4xx_hal_gpio.o
 .debug_info    0x0000000000002240      0xad3 Drivers/STM32F4xx_HAL_Driver/Src/stm32f4xx_hal_rcc.o
 .debug_info    0x0000000000002d13      0xb01 Drivers/STM32F4xx_HAL_Driver/Src/stm32f4xx_hal_rcc_ex.o
 .debug_info    0x0000000000003814     0x2359 Drivers/STM32F4xx_HAL_Driver/Src/stm32f4xx_hal_sd.o
 .debug_info    0x0000000000005b6d     0x17c9 Drivers/STM32F4xx_HAL_Driver/Src/stm32f4xx_ll_sdmmc.o
 .debug_info    0x0000000000007336      0xd1f Middlewares/Third_Party/FatFs/src/diskio.o
 .debug_info    0x0000000000008055     0x508e Middlewares/Third_Party/FatFs/src/ff.o
 .debug_info    0x000000000000d0e3      0xd55 Middlewares/Third_Party/FatFs/src/ff_gen_drv.o
 .debug_info    0x000000000000de38      0xc51 Src/bsp_driver_sd.o
 .debug_info    0x000000000000ea89      0xdaa Src/fatfs.o
 .debug_info    0x000000000000f833      0x602 Src/gpio.o
 .debug_info    0x000000000000fe35     0x1b90 Src/main.o
 .debug_info    0x00000000000119c5      0xf3f Src/sd_diskio.o
 .debug_info    0x0000000000012904      0xb47 Src/sdio.o
 .debug_info    0x000000000001344b      0x37e Src/stm32f4xx_hal_msp.o
 .debug_info    0x00000000000137c9      0x20d Src/stm32f4xx_it.o
 .debug_info    0x00000000000139d6      0x575 Src/system_stm32f4xx.o
 .debug_info    0x0000000000013f4b       0x8f startup/startup_stm32f469xx.o

.debug_abbrev   0x0000000000000000     0x2b87
 .debug_abbrev  0x0000000000000000      0x239 Drivers/STM32F4xx_HAL_Driver/Src/stm32f4xx_hal.o
 .debug_abbrev  0x0000000000000239      0x314 Drivers/STM32F4xx_HAL_Driver/Src/stm32f4xx_hal_cortex.o
 .debug_abbrev  0x000000000000054d      0x1ef Drivers/STM32F4xx_HAL_Driver/Src/stm32f4xx_hal_gpio.o
 .debug_abbrev  0x000000000000073c      0x2cb Drivers/STM32F4xx_HAL_Driver/Src/stm32f4xx_hal_rcc.o
 .debug_abbrev  0x0000000000000a07      0x1a8 Drivers/STM32F4xx_HAL_Driver/Src/stm32f4xx_hal_rcc_ex.o
 .debug_abbrev  0x0000000000000baf      0x375 Drivers/STM32F4xx_HAL_Driver/Src/stm32f4xx_hal_sd.o
 .debug_abbrev  0x0000000000000f24      0x2a4 Drivers/STM32F4xx_HAL_Driver/Src/stm32f4xx_ll_sdmmc.o
 .debug_abbrev  0x00000000000011c8      0x23d Middlewares/Third_Party/FatFs/src/diskio.o
 .debug_abbrev  0x0000000000001405      0x3ed Middlewares/Third_Party/FatFs/src/ff.o
 .debug_abbrev  0x00000000000017f2      0x2a5 Middlewares/Third_Party/FatFs/src/ff_gen_drv.o
 .debug_abbrev  0x0000000000001a97      0x2c8 Src/bsp_driver_sd.o
 .debug_abbrev  0x0000000000001d5f      0x204 Src/fatfs.o
 .debug_abbrev  0x0000000000001f63      0x173 Src/gpio.o
 .debug_abbrev  0x00000000000020d6      0x291 Src/main.o
 .debug_abbrev  0x0000000000002367      0x2dd Src/sd_diskio.o
 .debug_abbrev  0x0000000000002644      0x1f5 Src/sdio.o
 .debug_abbrev  0x0000000000002839      0x104 Src/stm32f4xx_hal_msp.o
 .debug_abbrev  0x000000000000293d      0x112 Src/stm32f4xx_it.o
 .debug_abbrev  0x0000000000002a4f      0x126 Src/system_stm32f4xx.o
 .debug_abbrev  0x0000000000002b75       0x12 startup/startup_stm32f469xx.o

.debug_loc      0x0000000000000000     0x9766
 .debug_loc     0x0000000000000000      0x12e Drivers/STM32F4xx_HAL_Driver/Src/stm32f4xx_hal.o
 .debug_loc     0x000000000000012e      0x4fb Drivers/STM32F4xx_HAL_Driver/Src/stm32f4xx_hal_cortex.o
 .debug_loc     0x0000000000000629      0x357 Drivers/STM32F4xx_HAL_Driver/Src/stm32f4xx_hal_gpio.o
 .debug_loc     0x0000000000000980      0x346 Drivers/STM32F4xx_HAL_Driver/Src/stm32f4xx_hal_rcc.o
 .debug_loc     0x0000000000000cc6      0x678 Drivers/STM32F4xx_HAL_Driver/Src/stm32f4xx_hal_rcc_ex.o
 .debug_loc     0x000000000000133e     0x18de Drivers/STM32F4xx_HAL_Driver/Src/stm32f4xx_hal_sd.o
 .debug_loc     0x0000000000002c1c      0xcd6 Drivers/STM32F4xx_HAL_Driver/Src/stm32f4xx_ll_sdmmc.o
 .debug_loc     0x00000000000038f2      0x1c6 Middlewares/Third_Party/FatFs/src/diskio.o
 .debug_loc     0x0000000000003ab8     0x5161 Middlewares/Third_Party/FatFs/src/ff.o
 .debug_loc     0x0000000000008c19      0x216 Middlewares/Third_Party/FatFs/src/ff_gen_drv.o
 .debug_loc     0x0000000000008e2f      0x41e Src/bsp_driver_sd.o
 .debug_loc     0x000000000000924d      0x3a5 Src/sd_diskio.o
 .debug_loc     0x00000000000095f2       0x58 Src/sdio.o
 .debug_loc     0x000000000000964a      0x11c Src/system_stm32f4xx.o

.debug_aranges  0x0000000000000000      0x9c0
 .debug_aranges
                0x0000000000000000       0xf8 Drivers/STM32F4xx_HAL_Driver/Src/stm32f4xx_hal.o
 .debug_aranges
                0x00000000000000f8       0xa8 Drivers/STM32F4xx_HAL_Driver/Src/stm32f4xx_hal_cortex.o
 .debug_aranges
                0x00000000000001a0       0x58 Drivers/STM32F4xx_HAL_Driver/Src/stm32f4xx_hal_gpio.o
 .debug_aranges
                0x00000000000001f8       0x88 Drivers/STM32F4xx_HAL_Driver/Src/stm32f4xx_hal_rcc.o
 .debug_aranges
                0x0000000000000280       0x70 Drivers/STM32F4xx_HAL_Driver/Src/stm32f4xx_hal_rcc_ex.o
 .debug_aranges
                0x00000000000002f0       0xf0 Drivers/STM32F4xx_HAL_Driver/Src/stm32f4xx_hal_sd.o
 .debug_aranges
                0x00000000000003e0      0x150 Drivers/STM32F4xx_HAL_Driver/Src/stm32f4xx_ll_sdmmc.o
 .debug_aranges
                0x0000000000000530       0x48 Middlewares/Third_Party/FatFs/src/diskio.o
 .debug_aranges
                0x0000000000000578      0x1b8 Middlewares/Third_Party/FatFs/src/ff.o
 .debug_aranges
                0x0000000000000730       0x40 Middlewares/Third_Party/FatFs/src/ff_gen_drv.o
 .debug_aranges
                0x0000000000000770       0xa8 Src/bsp_driver_sd.o
 .debug_aranges
                0x0000000000000818       0x28 Src/fatfs.o
 .debug_aranges
                0x0000000000000840       0x20 Src/gpio.o
 .debug_aranges
                0x0000000000000860       0x30 Src/main.o
 .debug_aranges
                0x0000000000000890       0x48 Src/sd_diskio.o
 .debug_aranges
                0x00000000000008d8       0x30 Src/sdio.o
 .debug_aranges
                0x0000000000000908       0x20 Src/stm32f4xx_hal_msp.o
 .debug_aranges
                0x0000000000000928       0x48 Src/stm32f4xx_it.o
 .debug_aranges
                0x0000000000000970       0x28 Src/system_stm32f4xx.o
 .debug_aranges
                0x0000000000000998       0x28 startup/startup_stm32f469xx.o

.debug_ranges   0x0000000000000000      0xe28
 .debug_ranges  0x0000000000000000       0xe8 Drivers/STM32F4xx_HAL_Driver/Src/stm32f4xx_hal.o
 .debug_ranges  0x00000000000000e8      0x128 Drivers/STM32F4xx_HAL_Driver/Src/stm32f4xx_hal_cortex.o
 .debug_ranges  0x0000000000000210       0x68 Drivers/STM32F4xx_HAL_Driver/Src/stm32f4xx_hal_gpio.o
 .debug_ranges  0x0000000000000278       0xb0 Drivers/STM32F4xx_HAL_Driver/Src/stm32f4xx_hal_rcc.o
 .debug_ranges  0x0000000000000328       0x78 Drivers/STM32F4xx_HAL_Driver/Src/stm32f4xx_hal_rcc_ex.o
 .debug_ranges  0x00000000000003a0      0x1d0 Drivers/STM32F4xx_HAL_Driver/Src/stm32f4xx_hal_sd.o
 .debug_ranges  0x0000000000000570      0x1b8 Drivers/STM32F4xx_HAL_Driver/Src/stm32f4xx_ll_sdmmc.o
 .debug_ranges  0x0000000000000728       0x38 Middlewares/Third_Party/FatFs/src/diskio.o
 .debug_ranges  0x0000000000000760      0x430 Middlewares/Third_Party/FatFs/src/ff.o
 .debug_ranges  0x0000000000000b90       0x30 Middlewares/Third_Party/FatFs/src/ff_gen_drv.o
 .debug_ranges  0x0000000000000bc0       0x98 Src/bsp_driver_sd.o
 .debug_ranges  0x0000000000000c58       0x18 Src/fatfs.o
 .debug_ranges  0x0000000000000c70       0x40 Src/gpio.o
 .debug_ranges  0x0000000000000cb0       0x58 Src/main.o
 .debug_ranges  0x0000000000000d08       0x50 Src/sd_diskio.o
 .debug_ranges  0x0000000000000d58       0x50 Src/sdio.o
 .debug_ranges  0x0000000000000da8       0x10 Src/stm32f4xx_hal_msp.o
 .debug_ranges  0x0000000000000db8       0x38 Src/stm32f4xx_it.o
 .debug_ranges  0x0000000000000df0       0x18 Src/system_stm32f4xx.o
 .debug_ranges  0x0000000000000e08       0x20 startup/startup_stm32f469xx.o

.debug_line     0x0000000000000000     0x5b04
 .debug_line    0x0000000000000000      0x42c Drivers/STM32F4xx_HAL_Driver/Src/stm32f4xx_hal.o
 .debug_line    0x000000000000042c      0x453 Drivers/STM32F4xx_HAL_Driver/Src/stm32f4xx_hal_cortex.o
 .debug_line    0x000000000000087f      0x3f0 Drivers/STM32F4xx_HAL_Driver/Src/stm32f4xx_hal_gpio.o
 .debug_line    0x0000000000000c6f      0x504 Drivers/STM32F4xx_HAL_Driver/Src/stm32f4xx_hal_rcc.o
 .debug_line    0x0000000000001173      0x5a1 Drivers/STM32F4xx_HAL_Driver/Src/stm32f4xx_hal_rcc_ex.o
 .debug_line    0x0000000000001714      0xa38 Drivers/STM32F4xx_HAL_Driver/Src/stm32f4xx_hal_sd.o
 .debug_line    0x000000000000214c      0x702 Drivers/STM32F4xx_HAL_Driver/Src/stm32f4xx_ll_sdmmc.o
 .debug_line    0x000000000000284e      0x341 Middlewares/Third_Party/FatFs/src/diskio.o
 .debug_line    0x0000000000002b8f     0x12e4 Middlewares/Third_Party/FatFs/src/ff.o
 .debug_line    0x0000000000003e73      0x348 Middlewares/Third_Party/FatFs/src/ff_gen_drv.o
 .debug_line    0x00000000000041bb      0x35a Src/bsp_driver_sd.o
 .debug_line    0x0000000000004515      0x31f Src/fatfs.o
 .debug_line    0x0000000000004834      0x1ff Src/gpio.o
 .debug_line    0x0000000000004a33      0x435 Src/main.o
 .debug_line    0x0000000000004e68      0x3b6 Src/sd_diskio.o
 .debug_line    0x000000000000521e      0x29a Src/sdio.o
 .debug_line    0x00000000000054b8      0x1cf Src/stm32f4xx_hal_msp.o
 .debug_line    0x0000000000005687      0x207 Src/stm32f4xx_it.o
 .debug_line    0x000000000000588e      0x1f7 Src/system_stm32f4xx.o
 .debug_line    0x0000000000005a85       0x7f startup/startup_stm32f469xx.o

.debug_str      0x0000000000000000     0x378d
 .debug_str     0x0000000000000000      0xc33 Drivers/STM32F4xx_HAL_Driver/Src/stm32f4xx_hal.o
                                        0xca1 (size before relaxing)
 .debug_str     0x0000000000000c33      0x4a8 Drivers/STM32F4xx_HAL_Driver/Src/stm32f4xx_hal_cortex.o
                                        0xd92 (size before relaxing)
 .debug_str     0x00000000000010db      0x1de Drivers/STM32F4xx_HAL_Driver/Src/stm32f4xx_hal_gpio.o
                                        0x5f1 (size before relaxing)
 .debug_str     0x00000000000012b9      0x2f9 Drivers/STM32F4xx_HAL_Driver/Src/stm32f4xx_hal_rcc.o
                                        0x7d4 (size before relaxing)
 .debug_str     0x00000000000015b2      0x27a Drivers/STM32F4xx_HAL_Driver/Src/stm32f4xx_hal_rcc_ex.o
                                        0x7b5 (size before relaxing)
 .debug_str     0x000000000000182c      0xe1d Drivers/STM32F4xx_HAL_Driver/Src/stm32f4xx_hal_sd.o
                                       0x11ce (size before relaxing)
 .debug_str     0x0000000000002649      0x1fd Drivers/STM32F4xx_HAL_Driver/Src/stm32f4xx_ll_sdmmc.o
                                        0x8ca (size before relaxing)
 .debug_str     0x0000000000002846      0x4d2 Middlewares/Third_Party/FatFs/src/diskio.o
                                        0x7e0 (size before relaxing)
 .debug_str     0x0000000000002d18      0x5b7 Middlewares/Third_Party/FatFs/src/ff.o
                                        0xd68 (size before relaxing)
 .debug_str     0x00000000000032cf       0xa2 Middlewares/Third_Party/FatFs/src/ff_gen_drv.o
                                        0x831 (size before relaxing)
 .debug_str     0x0000000000003371      0x1c8 Src/bsp_driver_sd.o
                                        0xa29 (size before relaxing)
 .debug_str     0x0000000000003539       0x43 Src/fatfs.o
                                        0x8a5 (size before relaxing)
 .debug_str     0x000000000000357c       0x22 Src/gpio.o
                                        0x491 (size before relaxing)
 .debug_str     0x000000000000359e       0x79 Src/main.o
                                       0x12e1 (size before relaxing)
 .debug_str     0x0000000000003617       0x59 Src/sd_diskio.o
                                        0x8aa (size before relaxing)
 .debug_str     0x0000000000003670       0x17 Src/sdio.o
                                        0x922 (size before relaxing)
 .debug_str     0x0000000000003687       0x1b Src/stm32f4xx_hal_msp.o
                                        0x3d9 (size before relaxing)
 .debug_str     0x00000000000036a2       0xa6 Src/stm32f4xx_it.o
                                        0x34e (size before relaxing)
 .debug_str     0x0000000000003748       0x45 Src/system_stm32f4xx.o
                                        0x455 (size before relaxing)

.comment        0x0000000000000000       0x7c
 .comment       0x0000000000000000       0x7c Drivers/STM32F4xx_HAL_Driver/Src/stm32f4xx_hal.o
                                         0x7d (size before relaxing)
 .comment       0x000000000000007c       0x7d Drivers/STM32F4xx_HAL_Driver/Src/stm32f4xx_hal_cortex.o
 .comment       0x000000000000007c       0x7d Drivers/STM32F4xx_HAL_Driver/Src/stm32f4xx_hal_gpio.o
 .comment       0x000000000000007c       0x7d Drivers/STM32F4xx_HAL_Driver/Src/stm32f4xx_hal_rcc.o
 .comment       0x000000000000007c       0x7d Drivers/STM32F4xx_HAL_Driver/Src/stm32f4xx_hal_rcc_ex.o
 .comment       0x000000000000007c       0x7d Drivers/STM32F4xx_HAL_Driver/Src/stm32f4xx_hal_sd.o
 .comment       0x000000000000007c       0x7d Drivers/STM32F4xx_HAL_Driver/Src/stm32f4xx_ll_sdmmc.o
 .comment       0x000000000000007c       0x7d Middlewares/Third_Party/FatFs/src/diskio.o
 .comment       0x000000000000007c       0x7d Middlewares/Third_Party/FatFs/src/ff.o
 .comment       0x000000000000007c       0x7d Middlewares/Third_Party/FatFs/src/ff_gen_drv.o
 .comment       0x000000000000007c       0x7d Src/bsp_driver_sd.o
 .comment       0x000000000000007c       0x7d Src/fatfs.o
 .comment       0x000000000000007c       0x7d Src/gpio.o
 .comment       0x000000000000007c       0x7d Src/main.o
 .comment       0x000000000000007c       0x7d Src/sd_diskio.o
 .comment       0x000000000000007c       0x7d Src/sdio.o
 .comment       0x000000000000007c       0x7d Src/stm32f4xx_hal_msp.o
 .comment       0x000000000000007c       0x7d Src/stm32f4xx_it.o
 .comment       0x000000000000007c       0x7d Src/system_stm32f4xx.o

.debug_frame    0x0000000000000000     0x1b8c
 .debug_frame   0x0000000000000000      0x214 Drivers/STM32F4xx_HAL_Driver/Src/stm32f4xx_hal.o
 .debug_frame   0x0000000000000214      0x158 Drivers/STM32F4xx_HAL_Driver/Src/stm32f4xx_hal_cortex.o
 .debug_frame   0x000000000000036c       0xd8 Drivers/STM32F4xx_HAL_Driver/Src/stm32f4xx_hal_gpio.o
 .debug_frame   0x0000000000000444      0x13c Drivers/STM32F4xx_HAL_Driver/Src/stm32f4xx_hal_rcc.o
 .debug_frame   0x0000000000000580      0x130 Drivers/STM32F4xx_HAL_Driver/Src/stm32f4xx_hal_rcc_ex.o
 .debug_frame   0x00000000000006b0      0x3a8 Drivers/STM32F4xx_HAL_Driver/Src/stm32f4xx_hal_sd.o
 .debug_frame   0x0000000000000a58      0x458 Drivers/STM32F4xx_HAL_Driver/Src/stm32f4xx_ll_sdmmc.o
 .debug_frame   0x0000000000000eb0       0x94 Middlewares/Third_Party/FatFs/src/diskio.o
 .debug_frame   0x0000000000000f44      0x6a4 Middlewares/Third_Party/FatFs/src/ff.o
 .debug_frame   0x00000000000015e8       0x6c Middlewares/Third_Party/FatFs/src/ff_gen_drv.o
 .debug_frame   0x0000000000001654      0x1b8 Src/bsp_driver_sd.o
 .debug_frame   0x000000000000180c       0x38 Src/fatfs.o
 .debug_frame   0x0000000000001844       0x38 Src/gpio.o
 .debug_frame   0x000000000000187c       0x60 Src/main.o
 .debug_frame   0x00000000000018dc       0xa0 Src/sd_diskio.o
 .debug_frame   0x000000000000197c       0x64 Src/sdio.o
 .debug_frame   0x00000000000019e0       0x28 Src/stm32f4xx_hal_msp.o
 .debug_frame   0x0000000000001a08       0xa0 Src/stm32f4xx_it.o
 .debug_frame   0x0000000000001aa8       0x38 Src/system_stm32f4xx.o
 .debug_frame   0x0000000000001ae0       0x2c /opt/Atollic_TrueSTUDIO_for_STM32_x86_64_9.3.0/ARMTools/bin/../lib/gcc/arm-atollic-eabi/6.3.1/../../../../arm-atollic-eabi/lib/armv7e-m/fpu/libc_nano.a(lib_a-init.o)
 .debug_frame   0x0000000000001b0c       0x20 /opt/Atollic_TrueSTUDIO_for_STM32_x86_64_9.3.0/ARMTools/bin/../lib/gcc/arm-atollic-eabi/6.3.1/../../../../arm-atollic-eabi/lib/armv7e-m/fpu/libc_nano.a(lib_a-memset.o)
 .debug_frame   0x0000000000001b2c       0x2c /opt/Atollic_TrueSTUDIO_for_STM32_x86_64_9.3.0/ARMTools/bin/../lib/gcc/arm-atollic-eabi/6.3.1/armv7e-m/fpu/libgcc.a(_aeabi_uldivmod.o)
 .debug_frame   0x0000000000001b58       0x34 /opt/Atollic_TrueSTUDIO_for_STM32_x86_64_9.3.0/ARMTools/bin/../lib/gcc/arm-atollic-eabi/6.3.1/armv7e-m/fpu/libgcc.a(_udivmoddi4.o)
